[2.131s] Invoking command in '/home/barbie/dynamic_dstar/src/vrx_navigation': DEBUGINFOD_URLS=https://debuginfod.ubuntu.com PYTHONPATH=/home/barbie/dynamic_dstar/build/vrx_navigation/prefix_override:/usr/lib/python3/dist-packages/colcon_core/task/python/colcon_distutils_commands:/home/barbie/dynamic_dstar/install/vrx_navigation/lib/python3.12/site-packages:${PYTHONPATH} /usr/bin/python3 -W ignore:setup.py install is deprecated -W ignore:easy_install command is deprecated setup.py egg_info --egg-base ../../build/vrx_navigation build --build-base /home/barbie/dynamic_dstar/build/vrx_navigation/build install --record /home/barbie/dynamic_dstar/build/vrx_navigation/install.log --single-version-externally-managed install_data
[2.654s] running egg_info
[2.680s] writing ../../build/vrx_navigation/vrx_navigation.egg-info/PKG-INFO
[2.680s] writing dependency_links to ../../build/vrx_navigation/vrx_navigation.egg-info/dependency_links.txt
[2.681s] writing entry points to ../../build/vrx_navigation/vrx_navigation.egg-info/entry_points.txt
[2.681s] writing requirements to ../../build/vrx_navigation/vrx_navigation.egg-info/requires.txt
[2.681s] writing top-level names to ../../build/vrx_navigation/vrx_navigation.egg-info/top_level.txt
[2.743s] reading manifest file '../../build/vrx_navigation/vrx_navigation.egg-info/SOURCES.txt'
[2.743s] adding license file 'LICENSE'
[2.745s] writing manifest file '../../build/vrx_navigation/vrx_navigation.egg-info/SOURCES.txt'
[2.746s] running build
[2.746s] running build_py
[2.746s] copying vrx_navigation/search_algorithms.py -> /home/barbie/dynamic_dstar/build/vrx_navigation/build/lib/vrx_navigation
[2.747s] running install
[2.756s] running install_lib
[2.785s] copying /home/barbie/dynamic_dstar/build/vrx_navigation/build/lib/vrx_navigation/search_algorithms.py -> /home/barbie/dynamic_dstar/install/vrx_navigation/lib/python3.12/site-packages/vrx_navigation
[2.786s] byte-compiling /home/barbie/dynamic_dstar/install/vrx_navigation/lib/python3.12/site-packages/vrx_navigation/search_algorithms.py to search_algorithms.cpython-312.pyc
[2.792s] running install_data
[2.793s] running install_egg_info
[2.825s] removing '/home/barbie/dynamic_dstar/install/vrx_navigation/lib/python3.12/site-packages/vrx_navigation-0.0.0-py3.12.egg-info' (and everything under it)
[2.825s] Copying ../../build/vrx_navigation/vrx_navigation.egg-info to /home/barbie/dynamic_dstar/install/vrx_navigation/lib/python3.12/site-packages/vrx_navigation-0.0.0-py3.12.egg-info
[2.827s] running install_scripts
[3.035s] Installing kinematics_filter script to /home/barbie/dynamic_dstar/install/vrx_navigation/lib/vrx_navigation
[3.035s] Installing los_guidance script to /home/barbie/dynamic_dstar/install/vrx_navigation/lib/vrx_navigation
[3.036s] Installing map_viz script to /home/barbie/dynamic_dstar/install/vrx_navigation/lib/vrx_navigation
[3.036s] Installing path_planner script to /home/barbie/dynamic_dstar/install/vrx_navigation/lib/vrx_navigation
[3.037s] Installing pid_controller script to /home/barbie/dynamic_dstar/install/vrx_navigation/lib/vrx_navigation
[3.037s] writing list of installed files to '/home/barbie/dynamic_dstar/build/vrx_navigation/install.log'
[3.194s] Invoked command in '/home/barbie/dynamic_dstar/src/vrx_navigation' returned '0': DEBUGINFOD_URLS=https://debuginfod.ubuntu.com PYTHONPATH=/home/barbie/dynamic_dstar/build/vrx_navigation/prefix_override:/usr/lib/python3/dist-packages/colcon_core/task/python/colcon_distutils_commands:/home/barbie/dynamic_dstar/install/vrx_navigation/lib/python3.12/site-packages:${PYTHONPATH} /usr/bin/python3 -W ignore:setup.py install is deprecated -W ignore:easy_install command is deprecated setup.py egg_info --egg-base ../../build/vrx_navigation build --build-base /home/barbie/dynamic_dstar/build/vrx_navigation/build install --record /home/barbie/dynamic_dstar/build/vrx_navigation/install.log --single-version-externally-managed install_data
