[1.267s] Invoking command in '/home/barbie/dynamic_dstar/src/vrx_navigation': DEBUGINFOD_URLS=https://debuginfod.ubuntu.com PYTHONPATH=/home/barbie/dynamic_dstar/build/vrx_navigation/prefix_override:/usr/lib/python3/dist-packages/colcon_core/task/python/colcon_distutils_commands:/home/barbie/dynamic_dstar/install/vrx_navigation/lib/python3.12/site-packages:${PYTHONPATH} /usr/bin/python3 -W ignore:setup.py install is deprecated -W ignore:easy_install command is deprecated setup.py egg_info --egg-base ../../build/vrx_navigation build --build-base /home/barbie/dynamic_dstar/build/vrx_navigation/build install --record /home/barbie/dynamic_dstar/build/vrx_navigation/install.log --single-version-externally-managed install_data
[1.628s] running egg_info
[1.642s] writing ../../build/vrx_navigation/vrx_navigation.egg-info/PKG-INFO
[1.643s] writing dependency_links to ../../build/vrx_navigation/vrx_navigation.egg-info/dependency_links.txt
[1.643s] writing entry points to ../../build/vrx_navigation/vrx_navigation.egg-info/entry_points.txt
[1.643s] writing requirements to ../../build/vrx_navigation/vrx_navigation.egg-info/requires.txt
[1.643s] writing top-level names to ../../build/vrx_navigation/vrx_navigation.egg-info/top_level.txt
[1.678s] reading manifest file '../../build/vrx_navigation/vrx_navigation.egg-info/SOURCES.txt'
[1.678s] adding license file 'LICENSE'
[1.678s] writing manifest file '../../build/vrx_navigation/vrx_navigation.egg-info/SOURCES.txt'
[1.678s] running build
[1.678s] running build_py
[1.679s] copying vrx_navigation/PID_vrx.py -> /home/barbie/dynamic_dstar/build/vrx_navigation/build/lib/vrx_navigation
[1.679s] copying vrx_navigation/search_algorithms.py -> /home/barbie/dynamic_dstar/build/vrx_navigation/build/lib/vrx_navigation
[1.679s] copying vrx_navigation/path_planner.py -> /home/barbie/dynamic_dstar/build/vrx_navigation/build/lib/vrx_navigation
[1.679s] running install
[1.687s] running install_lib
[1.710s] copying /home/barbie/dynamic_dstar/build/vrx_navigation/build/lib/vrx_navigation/PID_vrx.py -> /home/barbie/dynamic_dstar/install/vrx_navigation/lib/python3.12/site-packages/vrx_navigation
[1.711s] copying /home/barbie/dynamic_dstar/build/vrx_navigation/build/lib/vrx_navigation/search_algorithms.py -> /home/barbie/dynamic_dstar/install/vrx_navigation/lib/python3.12/site-packages/vrx_navigation
[1.711s] copying /home/barbie/dynamic_dstar/build/vrx_navigation/build/lib/vrx_navigation/path_planner.py -> /home/barbie/dynamic_dstar/install/vrx_navigation/lib/python3.12/site-packages/vrx_navigation
[1.712s] byte-compiling /home/barbie/dynamic_dstar/install/vrx_navigation/lib/python3.12/site-packages/vrx_navigation/PID_vrx.py to PID_vrx.cpython-312.pyc
[1.715s] byte-compiling /home/barbie/dynamic_dstar/install/vrx_navigation/lib/python3.12/site-packages/vrx_navigation/search_algorithms.py to search_algorithms.cpython-312.pyc
[1.717s] byte-compiling /home/barbie/dynamic_dstar/install/vrx_navigation/lib/python3.12/site-packages/vrx_navigation/path_planner.py to path_planner.cpython-312.pyc
[1.721s] running install_data
[1.721s] running install_egg_info
[1.752s] removing '/home/barbie/dynamic_dstar/install/vrx_navigation/lib/python3.12/site-packages/vrx_navigation-0.0.0-py3.12.egg-info' (and everything under it)
[1.752s] Copying ../../build/vrx_navigation/vrx_navigation.egg-info to /home/barbie/dynamic_dstar/install/vrx_navigation/lib/python3.12/site-packages/vrx_navigation-0.0.0-py3.12.egg-info
[1.754s] running install_scripts
[1.915s] Installing kinematics_filter script to /home/barbie/dynamic_dstar/install/vrx_navigation/lib/vrx_navigation
[1.916s] Installing los_guidance script to /home/barbie/dynamic_dstar/install/vrx_navigation/lib/vrx_navigation
[1.916s] Installing map_viz script to /home/barbie/dynamic_dstar/install/vrx_navigation/lib/vrx_navigation
[1.917s] Installing path_planner script to /home/barbie/dynamic_dstar/install/vrx_navigation/lib/vrx_navigation
[1.917s] Installing pid_controller script to /home/barbie/dynamic_dstar/install/vrx_navigation/lib/vrx_navigation
[1.918s] writing list of installed files to '/home/barbie/dynamic_dstar/build/vrx_navigation/install.log'
[2.009s] Invoked command in '/home/barbie/dynamic_dstar/src/vrx_navigation' returned '0': DEBUGINFOD_URLS=https://debuginfod.ubuntu.com PYTHONPATH=/home/barbie/dynamic_dstar/build/vrx_navigation/prefix_override:/usr/lib/python3/dist-packages/colcon_core/task/python/colcon_distutils_commands:/home/barbie/dynamic_dstar/install/vrx_navigation/lib/python3.12/site-packages:${PYTHONPATH} /usr/bin/python3 -W ignore:setup.py install is deprecated -W ignore:easy_install command is deprecated setup.py egg_info --egg-base ../../build/vrx_navigation build --build-base /home/barbie/dynamic_dstar/build/vrx_navigation/build install --record /home/barbie/dynamic_dstar/build/vrx_navigation/install.log --single-version-externally-managed install_data
