[0.669s] Invoking command in '/home/barbie/dynamic_dstar/src/vrx_navigation': DEBUGINFOD_URLS=https://debuginfod.ubuntu.com PYTHONPATH=/home/barbie/dynamic_dstar/build/vrx_navigation/prefix_override:/usr/lib/python3/dist-packages/colcon_core/task/python/colcon_distutils_commands:/home/barbie/dynamic_dstar/install/vrx_navigation/lib/python3.12/site-packages:${PYTHONPATH} /usr/bin/python3 -W ignore:setup.py install is deprecated -W ignore:easy_install command is deprecated setup.py egg_info --egg-base ../../build/vrx_navigation build --build-base /home/barbie/dynamic_dstar/build/vrx_navigation/build install --record /home/barbie/dynamic_dstar/build/vrx_navigation/install.log --single-version-externally-managed install_data
[0.890s] running egg_info
[0.903s] writing ../../build/vrx_navigation/vrx_navigation.egg-info/PKG-INFO
[0.903s] writing dependency_links to ../../build/vrx_navigation/vrx_navigation.egg-info/dependency_links.txt
[0.903s] writing entry points to ../../build/vrx_navigation/vrx_navigation.egg-info/entry_points.txt
[0.903s] writing requirements to ../../build/vrx_navigation/vrx_navigation.egg-info/requires.txt
[0.903s] writing top-level names to ../../build/vrx_navigation/vrx_navigation.egg-info/top_level.txt
[0.928s] reading manifest file '../../build/vrx_navigation/vrx_navigation.egg-info/SOURCES.txt'
[0.929s] adding license file 'LICENSE'
[0.929s] writing manifest file '../../build/vrx_navigation/vrx_navigation.egg-info/SOURCES.txt'
[0.929s] running build
[0.929s] running build_py
[0.930s] running install
[0.934s] running install_lib
[0.948s] running install_data
[0.948s] running install_egg_info
[0.960s] removing '/home/barbie/dynamic_dstar/install/vrx_navigation/lib/python3.12/site-packages/vrx_navigation-0.0.0-py3.12.egg-info' (and everything under it)
[0.960s] Copying ../../build/vrx_navigation/vrx_navigation.egg-info to /home/barbie/dynamic_dstar/install/vrx_navigation/lib/python3.12/site-packages/vrx_navigation-0.0.0-py3.12.egg-info
[0.961s] running install_scripts
[1.045s] Installing kinematics_filter script to /home/barbie/dynamic_dstar/install/vrx_navigation/lib/vrx_navigation
[1.045s] Installing los_guidance script to /home/barbie/dynamic_dstar/install/vrx_navigation/lib/vrx_navigation
[1.045s] Installing map_viz script to /home/barbie/dynamic_dstar/install/vrx_navigation/lib/vrx_navigation
[1.045s] Installing path_planner script to /home/barbie/dynamic_dstar/install/vrx_navigation/lib/vrx_navigation
[1.046s] Installing pid_controller script to /home/barbie/dynamic_dstar/install/vrx_navigation/lib/vrx_navigation
[1.046s] writing list of installed files to '/home/barbie/dynamic_dstar/build/vrx_navigation/install.log'
[1.084s] Invoked command in '/home/barbie/dynamic_dstar/src/vrx_navigation' returned '0': DEBUGINFOD_URLS=https://debuginfod.ubuntu.com PYTHONPATH=/home/barbie/dynamic_dstar/build/vrx_navigation/prefix_override:/usr/lib/python3/dist-packages/colcon_core/task/python/colcon_distutils_commands:/home/barbie/dynamic_dstar/install/vrx_navigation/lib/python3.12/site-packages:${PYTHONPATH} /usr/bin/python3 -W ignore:setup.py install is deprecated -W ignore:easy_install command is deprecated setup.py egg_info --egg-base ../../build/vrx_navigation build --build-base /home/barbie/dynamic_dstar/build/vrx_navigation/build install --record /home/barbie/dynamic_dstar/build/vrx_navigation/install.log --single-version-externally-managed install_data
