/home/barbie/dynamic_dstar/install/vrx_navigation/lib/python3.12/site-packages/vrx_navigation/LOS_vrx.py
/home/barbie/dynamic_dstar/install/vrx_navigation/lib/python3.12/site-packages/vrx_navigation/__init__.py
/home/barbie/dynamic_dstar/install/vrx_navigation/lib/python3.12/site-packages/vrx_navigation/PID_vrx.py
/home/barbie/dynamic_dstar/install/vrx_navigation/lib/python3.12/site-packages/vrx_navigation/register_sensor.py
/home/barbie/dynamic_dstar/install/vrx_navigation/lib/python3.12/site-packages/vrx_navigation/search_algorithms.py
/home/barbie/dynamic_dstar/install/vrx_navigation/lib/python3.12/site-packages/vrx_navigation/map.py
/home/barbie/dynamic_dstar/install/vrx_navigation/lib/python3.12/site-packages/vrx_navigation/path_planner.py
/home/barbie/dynamic_dstar/install/vrx_navigation/lib/python3.12/site-packages/vrx_navigation/kinematics_kf.py
/home/barbie/dynamic_dstar/install/vrx_navigation/lib/python3.12/site-packages/vrx_navigation/kinematics_filter_launch.py
/home/barbie/dynamic_dstar/install/vrx_navigation/lib/python3.12/site-packages/vrx_navigation/__pycache__/LOS_vrx.cpython-312.pyc
/home/barbie/dynamic_dstar/install/vrx_navigation/lib/python3.12/site-packages/vrx_navigation/__pycache__/__init__.cpython-312.pyc
/home/barbie/dynamic_dstar/install/vrx_navigation/lib/python3.12/site-packages/vrx_navigation/__pycache__/PID_vrx.cpython-312.pyc
/home/barbie/dynamic_dstar/install/vrx_navigation/lib/python3.12/site-packages/vrx_navigation/__pycache__/register_sensor.cpython-312.pyc
/home/barbie/dynamic_dstar/install/vrx_navigation/lib/python3.12/site-packages/vrx_navigation/__pycache__/search_algorithms.cpython-312.pyc
/home/barbie/dynamic_dstar/install/vrx_navigation/lib/python3.12/site-packages/vrx_navigation/__pycache__/map.cpython-312.pyc
/home/barbie/dynamic_dstar/install/vrx_navigation/lib/python3.12/site-packages/vrx_navigation/__pycache__/path_planner.cpython-312.pyc
/home/barbie/dynamic_dstar/install/vrx_navigation/lib/python3.12/site-packages/vrx_navigation/__pycache__/kinematics_kf.cpython-312.pyc
/home/barbie/dynamic_dstar/install/vrx_navigation/lib/python3.12/site-packages/vrx_navigation/__pycache__/kinematics_filter_launch.cpython-312.pyc
/home/barbie/dynamic_dstar/install/vrx_navigation/share/ament_index/resource_index/packages/vrx_navigation
/home/barbie/dynamic_dstar/install/vrx_navigation/share/vrx_navigation/package.xml
/home/barbie/dynamic_dstar/install/vrx_navigation/share/vrx_navigation/launch/navigation.launch.py
/home/barbie/dynamic_dstar/install/vrx_navigation/lib/python3.12/site-packages/vrx_navigation-0.0.0-py3.12.egg-info/entry_points.txt
/home/barbie/dynamic_dstar/install/vrx_navigation/lib/python3.12/site-packages/vrx_navigation-0.0.0-py3.12.egg-info/SOURCES.txt
/home/barbie/dynamic_dstar/install/vrx_navigation/lib/python3.12/site-packages/vrx_navigation-0.0.0-py3.12.egg-info/zip-safe
/home/barbie/dynamic_dstar/install/vrx_navigation/lib/python3.12/site-packages/vrx_navigation-0.0.0-py3.12.egg-info/PKG-INFO
/home/barbie/dynamic_dstar/install/vrx_navigation/lib/python3.12/site-packages/vrx_navigation-0.0.0-py3.12.egg-info/requires.txt
/home/barbie/dynamic_dstar/install/vrx_navigation/lib/python3.12/site-packages/vrx_navigation-0.0.0-py3.12.egg-info/dependency_links.txt
/home/barbie/dynamic_dstar/install/vrx_navigation/lib/python3.12/site-packages/vrx_navigation-0.0.0-py3.12.egg-info/top_level.txt
/home/barbie/dynamic_dstar/install/vrx_navigation/lib/vrx_navigation/kinematics_filter
/home/barbie/dynamic_dstar/install/vrx_navigation/lib/vrx_navigation/los_guidance
/home/barbie/dynamic_dstar/install/vrx_navigation/lib/vrx_navigation/map_viz
/home/barbie/dynamic_dstar/install/vrx_navigation/lib/vrx_navigation/path_planner
/home/barbie/dynamic_dstar/install/vrx_navigation/lib/vrx_navigation/pid_controller
